04:23:18 **** Incremental Build of configuration Debug for project basic_timer ****
make -j12 all 
arm-none-eabi-size  basic_timer.elf 
   text	   data	    bss	    dec	    hex	filename
   7932	     12	   1644	   9588	   2574	basic_timer.elf
Finished building: default.size.stdout
 
04:23:33 **** Incremental Build of configuration Debug for project basic_timer ****
make -j12 all 
arm-none-eabi-gcc -o "basic_timer.elf" @"objects.list"   -mcpu=cortex-m4 -T"C:\Users\HP\Documents\KULIAH PENS\tugas akhir\program stm32\basic_timer\STM32F407VGTX_FLASH.ld" --specs=nosys.specs -Wl,-Map="basic_timer.map" -Wl,--gc-sections -static --specs=nano.specs -mfpu=fpv4-sp-d16 -mfloat-abi=hard -mthumb -Wl,--start-group -lc -lm -Wl,--end-group
Finished building target: basic_timer.elf
 
arm-none-eabi-size  basic_timer.elf 
arm-none-eabi-objdump -h -S basic_timer.elf  > "basic_timer.list"
   text	   data	    bss	    dec	    hex	filename
   7932	     12	   1644	   9588	   2574	basic_timer.elf
Finished building: default.size.stdout
 
Finished building: basic_timer.list
 
04:24:11 **** Incremental Build of configuration Debug for project basic_timer ****
make -j12 all 
arm-none-eabi-gcc "../Core/Src/main.c" -mcpu=cortex-m4 -std=gnu11 -g3 -DDEBUG -DUSE_HAL_DRIVER -DSTM32F407xx -c -I../Core/Inc -I../Drivers/STM32F4xx_HAL_Driver/Inc -I../Drivers/STM32F4xx_HAL_Driver/Inc/Legacy -I../Drivers/CMSIS/Device/ST/STM32F4xx/Include -I../Drivers/CMSIS/Include -O0 -ffunction-sections -fdata-sections -Wall -fstack-usage -fcyclomatic-complexity -MMD -MP -MF"Core/Src/main.d" -MT"Core/Src/main.o" --specs=nano.specs -mfpu=fpv4-sp-d16 -mfloat-abi=hard -mthumb -o "Core/Src/main.o"
arm-none-eabi-gcc -o "basic_timer.elf" @"objects.list"   -mcpu=cortex-m4 -T"C:\Users\HP\Documents\KULIAH PENS\tugas akhir\program stm32\basic_timer\STM32F407VGTX_FLASH.ld" --specs=nosys.specs -Wl,-Map="basic_timer.map" -Wl,--gc-sections -static --specs=nano.specs -mfpu=fpv4-sp-d16 -mfloat-abi=hard -mthumb -Wl,--start-group -lc -lm -Wl,--end-group
Finished building target: basic_timer.elf
 
arm-none-eabi-size  basic_timer.elf 
arm-none-eabi-objdump -h -S basic_timer.elf  > "basic_timer.list"
   text	   data	    bss	    dec	    hex	filename
   7932	     12	   1644	   9588	   2574	basic_timer.elf
Finished building: default.size.stdout
 
Finished building: basic_timer.list
 
04:26:55 **** Incremental Build of configuration Debug for project basic_timer ****
make -j12 all 
arm-none-eabi-gcc "../Core/Src/main.c" -mcpu=cortex-m4 -std=gnu11 -g3 -DDEBUG -DUSE_HAL_DRIVER -DSTM32F407xx -c -I../Core/Inc -I../Drivers/STM32F4xx_HAL_Driver/Inc -I../Drivers/STM32F4xx_HAL_Driver/Inc/Legacy -I../Drivers/CMSIS/Device/ST/STM32F4xx/Include -I../Drivers/CMSIS/Include -O0 -ffunction-sections -fdata-sections -Wall -fstack-usage -fcyclomatic-complexity -MMD -MP -MF"Core/Src/main.d" -MT"Core/Src/main.o" --specs=nano.specs -mfpu=fpv4-sp-d16 -mfloat-abi=hard -mthumb -o "Core/Src/main.o"
arm-none-eabi-gcc -o "basic_timer.elf" @"objects.list"   -mcpu=cortex-m4 -T"C:\Users\HP\Documents\KULIAH PENS\tugas akhir\program stm32\basic_timer\STM32F407VGTX_FLASH.ld" --specs=nosys.specs -Wl,-Map="basic_timer.map" -Wl,--gc-sections -static --specs=nano.specs -mfpu=fpv4-sp-d16 -mfloat-abi=hard -mthumb -Wl,--start-group -lc -lm -Wl,--end-group
Finished building target: basic_timer.elf
 
arm-none-eabi-size  basic_timer.elf 
arm-none-eabi-objdump -h -S basic_timer.elf  > "basic_timer.list"
   text	   data	    bss	    dec	    hex	filename
   7932	     12	   1644	   9588	   2574	basic_timer.elf
Finished building: default.size.stdout
 
Finished building: basic_timer.list
 
04:27:04 **** Incremental Build of configuration Debug for project basic_timer ****
make -j12 all 
arm-none-eabi-size  basic_timer.elf 
   text	   data	    bss	    dec	    hex	filename
   7932	     12	   1644	   9588	   2574	basic_timer.elf
Finished building: default.size.stdout
 
04:30:51 **** Incremental Build of configuration Debug for project basic_timer ****
make -j12 all 
arm-none-eabi-gcc "../Core/Src/main.c" -mcpu=cortex-m4 -std=gnu11 -g3 -DDEBUG -DUSE_HAL_DRIVER -DSTM32F407xx -c -I../Core/Inc -I../Drivers/STM32F4xx_HAL_Driver/Inc -I../Drivers/STM32F4xx_HAL_Driver/Inc/Legacy -I../Drivers/CMSIS/Device/ST/STM32F4xx/Include -I../Drivers/CMSIS/Include -O0 -ffunction-sections -fdata-sections -Wall -fstack-usage -fcyclomatic-complexity -MMD -MP -MF"Core/Src/main.d" -MT"Core/Src/main.o" --specs=nano.specs -mfpu=fpv4-sp-d16 -mfloat-abi=hard -mthumb -o "Core/Src/main.o"
arm-none-eabi-gcc -o "basic_timer.elf" @"objects.list"   -mcpu=cortex-m4 -T"C:\Users\HP\Documents\KULIAH PENS\tugas akhir\program stm32\basic_timer\STM32F407VGTX_FLASH.ld" --specs=nosys.specs -Wl,-Map="basic_timer.map" -Wl,--gc-sections -static --specs=nano.specs -mfpu=fpv4-sp-d16 -mfloat-abi=hard -mthumb -Wl,--start-group -lc -lm -Wl,--end-group
Finished building target: basic_timer.elf
 
arm-none-eabi-size  basic_timer.elf 
arm-none-eabi-objdump -h -S basic_timer.elf  > "basic_timer.list"
   text	   data	    bss	    dec	    hex	filename
   7944	     12	   1644	   9600	   2580	basic_timer.elf
Finished building: default.size.stdout
 
Finished building: basic_timer.list
 
04:31:01 **** Incremental Build of configuration Debug for project basic_timer ****
make -j12 all 
arm-none-eabi-size  basic_timer.elf 
   text	   data	    bss	    dec	    hex	filename
   7944	     12	   1644	   9600	   2580	basic_timer.elf
Finished building: default.size.stdout
 
04:32:22 **** Incremental Build of configuration Debug for project basic_timer ****
make -j12 all 
arm-none-eabi-gcc "../Core/Src/main.c" -mcpu=cortex-m4 -std=gnu11 -g3 -DDEBUG -DUSE_HAL_DRIVER -DSTM32F407xx -c -I../Core/Inc -I../Drivers/STM32F4xx_HAL_Driver/Inc -I../Drivers/STM32F4xx_HAL_Driver/Inc/Legacy -I../Drivers/CMSIS/Device/ST/STM32F4xx/Include -I../Drivers/CMSIS/Include -O0 -ffunction-sections -fdata-sections -Wall -fstack-usage -fcyclomatic-complexity -MMD -MP -MF"Core/Src/main.d" -MT"Core/Src/main.o" --specs=nano.specs -mfpu=fpv4-sp-d16 -mfloat-abi=hard -mthumb -o "Core/Src/main.o"
arm-none-eabi-gcc -o "basic_timer.elf" @"objects.list"   -mcpu=cortex-m4 -T"C:\Users\HP\Documents\KULIAH PENS\tugas akhir\program stm32\basic_timer\STM32F407VGTX_FLASH.ld" --specs=nosys.specs -Wl,-Map="basic_timer.map" -Wl,--gc-sections -static --specs=nano.specs -mfpu=fpv4-sp-d16 -mfloat-abi=hard -mthumb -Wl,--start-group -lc -lm -Wl,--end-group
Finished building target: basic_timer.elf
 
arm-none-eabi-size  basic_timer.elf 
arm-none-eabi-objdump -h -S basic_timer.elf  > "basic_timer.list"
   text	   data	    bss	    dec	    hex	filename
   7960	     12	   1652	   9624	   2598	basic_timer.elf
Finished building: default.size.stdout
 
Finished building: basic_timer.list
 
04:32:28 **** Incremental Build of configuration Debug for project basic_timer ****
make -j12 all 
arm-none-eabi-size  basic_timer.elf 
   text	   data	    bss	    dec	    hex	filename
   7960	     12	   1652	   9624	   2598	basic_timer.elf
Finished building: default.size.stdout
 
